=== STDOUT ===

◆  Rendering composition → /Users/venkatavarshithreddymettukuru/Downloads/motion-video-generator/runs/41083e755fe13009/renders/output.mp4
   30fps · standard · auto workers (8 cores detected)


  ⚠ composition_file_too_large: This HTML composition file has 356 lines. Smaller sub-compositions are easier to read, iterate on, and diff.
    Fix: Split coherent scenes or layers into separate .html files under compositions/, then mount them from the parent with data-composition-src so each file stays small enough to inspect, revise, and validate independently.
  Continuing render despite lint issues. Use --strict to block errors.

  Host is arm64 — using linux/arm64 image with Playwright's chrome-headless-shell (output won't be byte-identical to amd64 renders; set HYPERFRAMES_DOCKER_PLATFORM=linux/amd64 to force parity).
  Docker image: hyperframes-renderer:0.8.27-arm64 (cached)
  Running render in Docker container...


◆  Rendering project → /output/output.mp4
   30fps · standard · auto workers (8 cores detected)

[?25l│
◇  Browser: env
[?25h
  ⚠ composition_file_too_large: This HTML composition file has 356 lines. Smaller sub-compositions are easier to read, iterate on, and diff.
    Fix: Split coherent scenes or layers into separate .html files under compositions/, then mount them from the parent with data-composition-src so each file stays small enough to inspect, revise, and validate independently.
  Continuing render despite lint issues. Use --strict to block errors.

  █░░░░░░░░░░░░░░░░░░░░░░░░  5%  Compiling composition
  ██░░░░░░░░░░░░░░░░░░░░░░░  10%  Extracting video frames
  █████░░░░░░░░░░░░░░░░░░░░  20%  Processing audio tracks
  ██████░░░░░░░░░░░░░░░░░░░  25%  Starting frame capture
[BrowserManager] Browser launched (HeadlessChrome/149.0.7827.0, screenshot, gl=--use-gl=angle --use-angle=swiftshader, headlessShell=true, platform=linux)
[initSession:screenshot] page.goto start (0ms)
[HyperFrames] render runtime fps [object Object]
[initSession:screenshot] page.goto complete (618ms)
[initSession:screenshot] GSAP proxy flush complete (670ms)
[initSession:screenshot] pollHfReady complete (671ms)
[initSession:screenshot] pollSubCompositionTimelines complete (timeout) (45723ms)
[initSession:screenshot] applyVideoMetadataHints complete (45727ms)
[initSession:screenshot] media + fonts + tailwind ready (45738ms)
[initSession:screenshot] static-frame dedup: disabled (running CSS/WAAPI animation) (45751ms)
  ██████░░░░░░░░░░░░░░░░░░░  25%  Streaming frame 1/780
  ██████░░░░░░░░░░░░░░░░░░░  25%  Streaming frame 2/780
  ██████░░░░░░░░░░░░░░░░░░░  25%  Streaming frame 3/780
  ██████░░░░░░░░░░░░░░░░░░░  25%  Streaming frame 4/780
  ██████░░░░░░░░░░░░░░░░░░░  25%  Streaming frame 5/780
  ██████░░░░░░░░░░░░░░░░░░░  25%  Streaming frame 6/780
  ██████░░░░░░░░░░░░░░░░░░░  25%  Streaming frame 7/780
  ██████░░░░░░░░░░░░░░░░░░░  26%  Streaming frame 8/780
  ██████░░░░░░░░░░░░░░░░░░░  26%  Streaming frame 9/780
  ██████░░░░░░░░░░░░░░░░░░░  26%  Streaming frame 10/780
  ██████░░░░░░░░░░░░░░░░░░░  26%  Streaming frame 11/780
  ██████░░░░░░░░░░░░░░░░░░░  26%  Streaming frame 12/780
  ██████░░░░░░░░░░░░░░░░░░░  26%  Streaming frame 13/780
  ██████░░░░░░░░░░░░░░░░░░░  26%  Streaming frame 14/780
  ██████░░░░░░░░░░░░░░░░░░░  26%  Streaming frame 15/780
  ██████░░░░░░░░░░░░░░░░░░░  26%  Streaming frame 16/780
  ██████░░░░░░░░░░░░░░░░░░░  26%  Streaming frame 17/780
  ██████░░░░░░░░░░░░░░░░░░░  26%  Streaming frame 18/780
  ██████░░░░░░░░░░░░░░░░░░░  26%  Streaming frame 19/780
  ██████░░░░░░░░░░░░░░░░░░░  26%  Streaming frame 20/780
  ██████░░░░░░░░░░░░░░░░░░░  26%  Streaming frame 21/780
  ██████░░░░░░░░░░░░░░░░░░░  27%  Streaming frame 22/780
  ██████░░░░░░░░░░░░░░░░░░░  27%  Streaming frame 23/780
  ██████░░░░░░░░░░░░░░░░░░░  27%  Streaming frame 24/780
  ██████░░░░░░░░░░░░░░░░░░░  27%  Streaming frame 25/780
  ██████░░░░░░░░░░░░░░░░░░░  27%  Streaming frame 26/780
  ██████░░░░░░░░░░░░░░░░░░░  27%  Streaming frame 27/780
  ██████░░░░░░░░░░░░░░░░░░░  27%  Streaming frame 28/780
  ██████░░░░░░░░░░░░░░░░░░░  27%  Streaming frame 29/780
  ██████░░░░░░░░░░░░░░░░░░░  27%  Streaming frame 30/780
  ██████░░░░░░░░░░░░░░░░░░░  27%  Streaming frame 31/780
  ██████░░░░░░░░░░░░░░░░░░░  27%  Streaming frame 32/780
  ██████░░░░░░░░░░░░░░░░░░░  27%  Streaming frame 33/780
  ██████░░░░░░░░░░░░░░░░░░░  27%  Streaming frame 34/780
  ██████░░░░░░░░░░░░░░░░░░░  27%  Streaming frame 35/780
  ███████░░░░░░░░░░░░░░░░░░  28%  Streaming frame 36/780
  ███████░░░░░░░░░░░░░░░░░░  28%  Streaming frame 37/780
  ███████░░░░░░░░░░░░░░░░░░  28%  Streaming frame 38/780
  ███████░░░░░░░░░░░░░░░░░░  28%  Streaming frame 39/780
  ███████░░░░░░░░░░░░░░░░░░  28%  Streaming frame 40/780
  ███████░░░░░░░░░░░░░░░░░░  28%  Streaming frame 41/780
  ███████░░░░░░░░░░░░░░░░░░  28%  Streaming frame 42/780
  ███████░░░░░░░░░░░░░░░░░░  28%  Streaming frame 43/780
  ███████░░░░░░░░░░░░░░░░░░  28%  Streaming frame 44/780
  ███████░░░░░░░░░░░░░░░░░░  28%  Streaming frame 45/780
  ███████░░░░░░░░░░░░░░░░░░  28%  Streaming frame 46/780
  ███████░░░░░░░░░░░░░░░░░░  28%  Streaming frame 47/780
  ███████░░░░░░░░░░░░░░░░░░  28%  Streaming frame 48/780
  ███████░░░░░░░░░░░░░░░░░░  28%  Streaming frame 49/780
  ███████░░░░░░░░░░░░░░░░░░  29%  Streaming frame 50/780
  ███████░░░░░░░░░░░░░░░░░░  29%  Streaming frame 51/780
  ███████░░░░░░░░░░░░░░░░░░  29%  Streaming frame 52/780
  ███████░░░░░░░░░░░░░░░░░░  29%  Streaming frame 53/780
  ███████░░░░░░░░░░░░░░░░░░  29%  Streaming frame 54/780
  ███████░░░░░░░░░░░░░░░░░░  29%  Streaming frame 55/780
  ███████░░░░░░░░░░░░░░░░░░  29%  Streaming frame 56/780
  ███████░░░░░░░░░░░░░░░░░░  29%  Streaming frame 57/780
  ███████░░░░░░░░░░░░░░░░░░  29%  Streaming frame 58/780
  ███████░░░░░░░░░░░░░░░░░░  29%  Streaming frame 59/780
  ███████░░░░░░░░░░░░░░░░░░  29%  Streaming frame 60/780
  ███████░░░░░░░░░░░░░░░░░░  29%  Streaming frame 61/780
  ███████░░░░░░░░░░░░░░░░░░  29%  Streaming frame 62/780
  ███████░░░░░░░░░░░░░░░░░░  29%  Streaming frame 63/780
  ███████░░░░░░░░░░░░░░░░░░  30%  Streaming frame 64/780
  ███████░░░░░░░░░░░░░░░░░░  30%  Streaming frame 65/780
  ███████░░░░░░░░░░░░░░░░░░  30%  Streaming frame 66/780
  ███████░░░░░░░░░░░░░░░░░░  30%  Streaming frame 67/780
  ███████░░░░░░░░░░░░░░░░░░  30%  Streaming frame 68/780
  ███████░░░░░░░░░░░░░░░░░░  30%  Streaming frame 69/780
  ███████░░░░░░░░░░░░░░░░░░  30%  Streaming frame 70/780
  ███████░░░░░░░░░░░░░░░░░░  30%  Streaming frame 71/780
  ███████░░░░░░░░░░░░░░░░░░  30%  Streaming frame 72/780
  ███████░░░░░░░░░░░░░░░░░░  30%  Streaming frame 73/780
  ███████░░░░░░░░░░░░░░░░░░  30%  Streaming frame 74/780
  ███████░░░░░░░░░░░░░░░░░░  30%  Streaming frame 75/780
  ███████░░░░░░░░░░░░░░░░░░  30%  Streaming frame 76/780
  ███████░░░░░░░░░░░░░░░░░░  30%  Streaming frame 77/780
  ███████░░░░░░░░░░░░░░░░░░  31%  Streaming frame 78/780
  ███████░░░░░░░░░░░░░░░░░░  31%  Streaming frame 79/780
  ███████░░░░░░░░░░░░░░░░░░  31%  Streaming frame 80/780
  ███████░░░░░░░░░░░░░░░░░░  31%  Streaming frame 81/780
  ███████░░░░░░░░░░░░░░░░░░  31%  Streaming frame 82/780
  ███████░░░░░░░░░░░░░░░░░░  31%  Streaming frame 83/780
  ███████░░░░░░░░░░░░░░░░░░  31%  Streaming frame 84/780
  ███████░░░░░░░░░░░░░░░░░░  31%  Streaming frame 85/780
  ███████░░░░░░░░░░░░░░░░░░  31%  Streaming frame 86/780
  ███████░░░░░░░░░░░░░░░░░░  31%  Streaming frame 87/780
  ███████░░░░░░░░░░░░░░░░░░  31%  Streaming frame 88/780
  ███████░░░░░░░░░░░░░░░░░░  31%  Streaming frame 89/780
  ███████░░░░░░░░░░░░░░░░░░  31%  Streaming frame 90/780
  ███████░░░░░░░░░░░░░░░░░░  31%  Streaming frame 91/780
  ███████░░░░░░░░░░░░░░░░░░  31%  Streaming frame 92/780
  ████████░░░░░░░░░░░░░░░░░  32%  Streaming frame 93/780
  ████████░░░░░░░░░░░░░░░░░  32%  Streaming frame 94/780
  ████████░░░░░░░░░░░░░░░░░  32%  Streaming frame 95/780
  ████████░░░░░░░░░░░░░░░░░  32%  Streaming frame 96/780
  ████████░░░░░░░░░░░░░░░░░  32%  Streaming frame 97/780
  ████████░░░░░░░░░░░░░░░░░  32%  Streaming frame 98/780
  ████████░░░░░░░░░░░░░░░░░  32%  Streaming frame 99/780
  ████████░░░░░░░░░░░░░░░░░  32%  Streaming frame 100/780
  ████████░░░░░░░░░░░░░░░░░  32%  Streaming frame 101/780
  ████████░░░░░░░░░░░░░░░░░  32%  Streaming frame 102/780
  ████████░░░░░░░░░░░░░░░░░  32%  Streaming frame 103/780
  ████████░░░░░░░░░░░░░░░░░  32%  Streaming frame 104/780
  ████████░░░░░░░░░░░░░░░░░  32%  Streaming frame 105/780
  ████████░░░░░░░░░░░░░░░░░  32%  Streaming frame 106/780
  ████████░░░░░░░░░░░░░░░░░  33%  Streaming frame 107/780
  ████████░░░░░░░░░░░░░░░░░  33%  Streaming frame 108/780
  ████████░░░░░░░░░░░░░░░░░  33%  Streaming frame 109/780
  ████████░░░░░░░░░░░░░░░░░  33%  Streaming frame 110/780
  ████████░░░░░░░░░░░░░░░░░  33%  Streaming frame 111/780
  ████████░░░░░░░░░░░░░░░░░  33%  Streaming frame 112/780
  ████████░░░░░░░░░░░░░░░░░  33%  Streaming frame 113/780
  ████████░░░░░░░░░░░░░░░░░  33%  Streaming frame 114/780
  ████████░░░░░░░░░░░░░░░░░  33%  Streaming frame 115/780
  ████████░░░░░░░░░░░░░░░░░  33%  Streaming frame 116/780
  ████████░░░░░░░░░░░░░░░░░  33%  Streaming frame 117/780
  ████████░░░░░░░░░░░░░░░░░  33%  Streaming frame 118/780
  ████████░░░░░░░░░░░░░░░░░  33%  Streaming frame 119/780
  ████████░░░░░░░░░░░░░░░░░  33%  Streaming frame 120/780
  ████████░░░░░░░░░░░░░░░░░  34%  Streaming frame 121/780
  ████████░░░░░░░░░░░░░░░░░  34%  Streaming frame 122/780
  ████████░░░░░░░░░░░░░░░░░  34%  Streaming frame 123/780
  ████████░░░░░░░░░░░░░░░░░  34%  Streaming frame 124/780
  ████████░░░░░░░░░░░░░░░░░  34%  Streaming frame 125/780
  ████████░░░░░░░░░░░░░░░░░  34%  Streaming frame 126/780
  ████████░░░░░░░░░░░░░░░░░  34%  Streaming frame 127/780
  ████████░░░░░░░░░░░░░░░░░  34%  Streaming frame 128/780
  ████████░░░░░░░░░░░░░░░░░  34%  Streaming frame 129/780
  ████████░░░░░░░░░░░░░░░░░  34%  Streaming frame 130/780
  ████████░░░░░░░░░░░░░░░░░  34%  Streaming frame 131/780
  ████████░░░░░░░░░░░░░░░░░  34%  Streaming frame 132/780
  ████████░░░░░░░░░░░░░░░░░  34%  Streaming frame 133/780
  ████████░░░░░░░░░░░░░░░░░  34%  Streaming frame 134/780
  ████████░░░░░░░░░░░░░░░░░  35%  Streaming frame 135/780
  ████████░░░░░░░░░░░░░░░░░  35%  Streaming frame 136/780
  ████████░░░░░░░░░░░░░░░░░  35%  Streaming frame 137/780
  ████████░░░░░░░░░░░░░░░░░  35%  Streaming frame 138/780
  ████████░░░░░░░░░░░░░░░░░  35%  Streaming frame 139/780
  ████████░░░░░░░░░░░░░░░░░  35%  Streaming frame 140/780
  ████████░░░░░░░░░░░░░░░░░  35%  Streaming frame 141/780
  ████████░░░░░░░░░░░░░░░░░  35%  Streaming frame 142/780
  ████████░░░░░░░░░░░░░░░░░  35%  Streaming frame 143/780
  ████████░░░░░░░░░░░░░░░░░  35%  Streaming frame 144/780
  ████████░░░░░░░░░░░░░░░░░  35%  Streaming frame 145/780
  ████████░░░░░░░░░░░░░░░░░  35%  Streaming frame 146/780
  ████████░░░░░░░░░░░░░░░░░  35%  Streaming frame 147/780
  ████████░░░░░░░░░░░░░░░░░  35%  Streaming frame 148/780
  █████████░░░░░░░░░░░░░░░░  36%  Streaming frame 149/780
  █████████░░░░░░░░░░░░░░░░  36%  Streaming frame 150/780
  █████████░░░░░░░░░░░░░░░░  36%  Streaming frame 151/780
  █████████░░░░░░░░░░░░░░░░  36%  Streaming frame 152/780
  █████████░░░░░░░░░░░░░░░░  36%  Streaming frame 153/780
  █████████░░░░░░░░░░░░░░░░  36%  Streaming frame 154/780
  █████████░░░░░░░░░░░░░░░░  36%  Streaming frame 155/780
  █████████░░░░░░░░░░░░░░░░  36%  Streaming frame 156/780
  █████████░░░░░░░░░░░░░░░░  36%  Streaming frame 157/780
  █████████░░░░░░░░░░░░░░░░  36%  Streaming frame 158/780
  █████████░░░░░░░░░░░░░░░░  36%  Streaming frame 159/780
  █████████░░░░░░░░░░░░░░░░  36%  Streaming frame 160/780
  █████████░░░░░░░░░░░░░░░░  36%  Streaming frame 161/780
  █████████░░░░░░░░░░░░░░░░  36%  Streaming frame 162/780
  █████████░░░░░░░░░░░░░░░░  36%  Streaming frame 163/780
  █████████░░░░░░░░░░░░░░░░  37%  Streaming frame 164/780
  █████████░░░░░░░░░░░░░░░░  37%  Streaming frame 165/780
  █████████░░░░░░░░░░░░░░░░  37%  Streaming frame 166/780
  █████████░░░░░░░░░░░░░░░░  37%  Streaming frame 167/780
  █████████░░░░░░░░░░░░░░░░  37%  Streaming frame 168/780
  █████████░░░░░░░░░░░░░░░░  37%  Streaming frame 169/780
  █████████░░░░░░░░░░░░░░░░  37%  Streaming frame 170/780
  █████████░░░░░░░░░░░░░░░░  37%  Streaming frame 171/780
  █████████░░░░░░░░░░░░░░░░  37%  Streaming frame 172/780
  █████████░░░░░░░░░░░░░░░░  37%  Streaming frame 173/780
  █████████░░░░░░░░░░░░░░░░  37%  Streaming frame 174/780
  █████████░░░░░░░░░░░░░░░░  37%  Streaming frame 175/780
  █████████░░░░░░░░░░░░░░░░  37%  Streaming frame 176/780
  █████████░░░░░░░░░░░░░░░░  37%  Streaming frame 177/780
  █████████░░░░░░░░░░░░░░░░  38%  Streaming frame 178/780
  █████████░░░░░░░░░░░░░░░░  38%  Streaming frame 179/780
  █████████░░░░░░░░░░░░░░░░  38%  Streaming frame 180/780
  █████████░░░░░░░░░░░░░░░░  38%  Streaming frame 181/780
  █████████░░░░░░░░░░░░░░░░  38%  Streaming frame 182/780
  █████████░░░░░░░░░░░░░░░░  38%  Streaming frame 183/780
  █████████░░░░░░░░░░░░░░░░  38%  Streaming frame 184/780
  █████████░░░░░░░░░░░░░░░░  38%  Streaming frame 185/780
  █████████░░░░░░░░░░░░░░░░  38%  Streaming frame 186/780
  █████████░░░░░░░░░░░░░░░░  38%  Streaming frame 187/780
  █████████░░░░░░░░░░░░░░░░  38%  Streaming frame 188/780
  █████████░░░░░░░░░░░░░░░░  38%  Streaming frame 189/780
  █████████░░░░░░░░░░░░░░░░  38%  Streaming frame 190/780
  █████████░░░░░░░░░░░░░░░░  38%  Streaming frame 191/780
  █████████░░░░░░░░░░░░░░░░  39%  Streaming frame 192/780
  █████████░░░░░░░░░░░░░░░░  39%  Streaming frame 193/780
  █████████░░░░░░░░░░░░░░░░  39%  Streaming frame 194/780
  █████████░░░░░░░░░░░░░░░░  39%  Streaming frame 195/780
  █████████░░░░░░░░░░░░░░░░  39%  Streaming frame 196/780
  █████████░░░░░░░░░░░░░░░░  39%  Streaming frame 197/780
  █████████░░░░░░░░░░░░░░░░  39%  Streaming frame 198/780
  █████████░░░░░░░░░░░░░░░░  39%  Streaming frame 199/780
  █████████░░░░░░░░░░░░░░░░  39%  Streaming frame 200/780
  █████████░░░░░░░░░░░░░░░░  39%  Streaming frame 201/780
  █████████░░░░░░░░░░░░░░░░  39%  Streaming frame 202/780
  █████████░░░░░░░░░░░░░░░░  39%  Streaming frame 203/780
  █████████░░░░░░░░░░░░░░░░  39%  Streaming frame 204/780
  █████████░░░░░░░░░░░░░░░░  39%  Streaming frame 205/780
  ██████████░░░░░░░░░░░░░░░  40%  Streaming frame 206/780
  ██████████░░░░░░░░░░░░░░░  40%  Streaming frame 207/780
  ██████████░░░░░░░░░░░░░░░  40%  Streaming frame 208/780
  ██████████░░░░░░░░░░░░░░░  40%  Streaming frame 209/780
  ██████████░░░░░░░░░░░░░░░  40%  Streaming frame 210/780
  ██████████░░░░░░░░░░░░░░░  40%  Streaming frame 211/780
  ██████████░░░░░░░░░░░░░░░  40%  Streaming frame 212/780
  ██████████░░░░░░░░░░░░░░░  40%  Streaming frame 213/780
  ██████████░░░░░░░░░░░░░░░  40%  Streaming frame 214/780
  ██████████░░░░░░░░░░░░░░░  40%  Streaming frame 215/780
  ██████████░░░░░░░░░░░░░░░  40%  Streaming frame 216/780
  ██████████░░░░░░░░░░░░░░░  40%  Streaming frame 217/780
  ██████████░░░░░░░░░░░░░░░  40%  Streaming frame 218/780
  ██████████░░░░░░░░░░░░░░░  40%  Streaming frame 219/780
  ██████████░░░░░░░░░░░░░░░  41%  Streaming frame 220/780
  ██████████░░░░░░░░░░░░░░░  41%  Streaming frame 221/780
  ██████████░░░░░░░░░░░░░░░  41%  Streaming frame 222/780
  ██████████░░░░░░░░░░░░░░░  41%  Streaming frame 223/780
  ██████████░░░░░░░░░░░░░░░  41%  Streaming frame 224/780
  ██████████░░░░░░░░░░░░░░░  41%  Streaming frame 225/780
  ██████████░░░░░░░░░░░░░░░  41%  Streaming frame 226/780
  ██████████░░░░░░░░░░░░░░░  41%  Streaming frame 227/780
  ██████████░░░░░░░░░░░░░░░  41%  Streaming frame 228/780
  ██████████░░░░░░░░░░░░░░░  41%  Streaming frame 229/780
  ██████████░░░░░░░░░░░░░░░  41%  Streaming frame 230/780
  ██████████░░░░░░░░░░░░░░░  41%  Streaming frame 231/780
  ██████████░░░░░░░░░░░░░░░  41%  Streaming frame 232/780
  ██████████░░░░░░░░░░░░░░░  41%  Streaming frame 233/780
  ██████████░░░░░░░░░░░░░░░  42%  Streaming frame 234/780
  ██████████░░░░░░░░░░░░░░░  42%  Streaming frame 235/780
  ██████████░░░░░░░░░░░░░░░  42%  Streaming frame 236/780
  ██████████░░░░░░░░░░░░░░░  42%  Streaming frame 237/780
  ██████████░░░░░░░░░░░░░░░  42%  Streaming frame 238/780
  ██████████░░░░░░░░░░░░░░░  42%  Streaming frame 239/780
  ██████████░░░░░░░░░░░░░░░  42%  Streaming frame 240/780
  ██████████░░░░░░░░░░░░░░░  42%  Streaming frame 241/780
  ██████████░░░░░░░░░░░░░░░  42%  Streaming frame 242/780
  ██████████░░░░░░░░░░░░░░░  42%  Streaming frame 243/780
  ██████████░░░░░░░░░░░░░░░  42%  Streaming frame 244/780
  ██████████░░░░░░░░░░░░░░░  42%  Streaming frame 245/780
  ██████████░░░░░░░░░░░░░░░  42%  Streaming frame 246/780
  ██████████░░░░░░░░░░░░░░░  42%  Streaming frame 247/780
  ██████████░░░░░░░░░░░░░░░  42%  Streaming frame 248/780
  ██████████░░░░░░░░░░░░░░░  43%  Streaming frame 249/780
  ██████████░░░░░░░░░░░░░░░  43%  Streaming frame 250/780
  ██████████░░░░░░░░░░░░░░░  43%  Streaming frame 251/780
  ██████████░░░░░░░░░░░░░░░  43%  Streaming frame 252/780
  ██████████░░░░░░░░░░░░░░░  43%  Streaming frame 253/780
  ██████████░░░░░░░░░░░░░░░  43%  Streaming frame 254/780
  ██████████░░░░░░░░░░░░░░░  43%  Streaming frame 255/780
  ██████████░░░░░░░░░░░░░░░  43%  Streaming frame 256/780
  ██████████░░░░░░░░░░░░░░░  43%  Streaming frame 257/780
  ██████████░░░░░░░░░░░░░░░  43%  Streaming frame 258/780
  ██████████░░░░░░░░░░░░░░░  43%  Streaming frame 259/780
  ██████████░░░░░░░░░░░░░░░  43%  Streaming frame 260/780
  ██████████░░░░░░░░░░░░░░░  43%  Streaming frame 261/780
  ██████████░░░░░░░░░░░░░░░  43%  Streaming frame 262/780
  ███████████░░░░░░░░░░░░░░  44%  Streaming frame 263/780
  ███████████░░░░░░░░░░░░░░  44%  Streaming frame 264/780
  ███████████░░░░░░░░░░░░░░  44%  Streaming frame 265/780
  ███████████░░░░░░░░░░░░░░  44%  Streaming frame 266/780
  ███████████░░░░░░░░░░░░░░  44%  Streaming frame 267/780
  ███████████░░░░░░░░░░░░░░  44%  Streaming frame 268/780
  ███████████░░░░░░░░░░░░░░  44%  Streaming frame 269/780
  ███████████░░░░░░░░░░░░░░  44%  Streaming frame 270/780
  ███████████░░░░░░░░░░░░░░  44%  Streaming frame 271/780
  ███████████░░░░░░░░░░░░░░  44%  Streaming frame 272/780
  ███████████░░░░░░░░░░░░░░  44%  Streaming frame 273/780
  ███████████░░░░░░░░░░░░░░  44%  Streaming frame 274/780
  ███████████░░░░░░░░░░░░░░  44%  Streaming frame 275/780
  ███████████░░░░░░░░░░░░░░  44%  Streaming frame 276/780
  ███████████░░░░░░░░░░░░░░  45%  Streaming frame 277/780
  ███████████░░░░░░░░░░░░░░  45%  Streaming frame 278/780
  ███████████░░░░░░░░░░░░░░  45%  Streaming frame 279/780
  ███████████░░░░░░░░░░░░░░  45%  Streaming frame 280/780
  ███████████░░░░░░░░░░░░░░  45%  Streaming frame 281/780
  ███████████░░░░░░░░░░░░░░  45%  Streaming frame 282/780
  ███████████░░░░░░░░░░░░░░  45%  Streaming frame 283/780
  ███████████░░░░░░░░░░░░░░  45%  Streaming frame 284/780
  ███████████░░░░░░░░░░░░░░  45%  Streaming frame 285/780
  ███████████░░░░░░░░░░░░░░  45%  Streaming frame 286/780
  ███████████░░░░░░░░░░░░░░  45%  Streaming frame 287/780
  ███████████░░░░░░░░░░░░░░  45%  Streaming frame 288/780
  ███████████░░░░░░░░░░░░░░  45%  Streaming frame 289/780
  ███████████░░░░░░░░░░░░░░  45%  Streaming frame 290/780
  ███████████░░░░░░░░░░░░░░  46%  Streaming frame 291/780
  ███████████░░░░░░░░░░░░░░  46%  Streaming frame 292/780
  ███████████░░░░░░░░░░░░░░  46%  Streaming frame 293/780
  ███████████░░░░░░░░░░░░░░  46%  Streaming frame 294/780
  ███████████░░░░░░░░░░░░░░  46%  Streaming frame 295/780
  ███████████░░░░░░░░░░░░░░  46%  Streaming frame 296/780
  ███████████░░░░░░░░░░░░░░  46%  Streaming frame 297/780
  ███████████░░░░░░░░░░░░░░  46%  Streaming frame 298/780
  ███████████░░░░░░░░░░░░░░  46%  Streaming frame 299/780
  ███████████░░░░░░░░░░░░░░  46%  Streaming frame 300/780
  ███████████░░░░░░░░░░░░░░  46%  Streaming frame 301/780
  ███████████░░░░░░░░░░░░░░  46%  Streaming frame 302/780
  ███████████░░░░░░░░░░░░░░  46%  Streaming frame 303/780
  ███████████░░░░░░░░░░░░░░  46%  Streaming frame 304/780
  ███████████░░░░░░░░░░░░░░  47%  Streaming frame 305/780
  ███████████░░░░░░░░░░░░░░  47%  Streaming frame 306/780
  ███████████░░░░░░░░░░░░░░  47%  Streaming frame 307/780
  ███████████░░░░░░░░░░░░░░  47%  Streaming frame 308/780
  ███████████░░░░░░░░░░░░░░  47%  Streaming frame 309/780
  ███████████░░░░░░░░░░░░░░  47%  Streaming frame 310/780
  ███████████░░░░░░░░░░░░░░  47%  Streaming frame 311/780
  ███████████░░░░░░░░░░░░░░  47%  Streaming frame 312/780
  ███████████░░░░░░░░░░░░░░  47%  Streaming frame 313/780
  ███████████░░░░░░░░░░░░░░  47%  Streaming frame 314/780
  ███████████░░░░░░░░░░░░░░  47%  Streaming frame 315/780
  ███████████░░░░░░░░░░░░░░  47%  Streaming frame 316/780
  ███████████░░░░░░░░░░░░░░  47%  Streaming frame 317/780
  ███████████░░░░░░░░░░░░░░  47%  Streaming frame 318/780
  ███████████░░░░░░░░░░░░░░  47%  Streaming frame 319/780
  ████████████░░░░░░░░░░░░░  48%  Streaming frame 320/780
  ████████████░░░░░░░░░░░░░  48%  Streaming frame 321/780
  ████████████░░░░░░░░░░░░░  48%  Streaming frame 322/780
  ████████████░░░░░░░░░░░░░  48%  Streaming frame 323/780
  ████████████░░░░░░░░░░░░░  48%  Streaming frame 324/780
  ████████████░░░░░░░░░░░░░  48%  Streaming frame 325/780
  ████████████░░░░░░░░░░░░░  48%  Streaming frame 326/780
  ████████████░░░░░░░░░░░░░  48%  Streaming frame 327/780
  ████████████░░░░░░░░░░░░░  48%  Streaming frame 328/780
  ████████████░░░░░░░░░░░░░  48%  Streaming frame 329/780
  ████████████░░░░░░░░░░░░░  48%  Streaming frame 330/780
  ████████████░░░░░░░░░░░░░  48%  Streaming frame 331/780
  ████████████░░░░░░░░░░░░░  48%  Streaming frame 332/780
  ████████████░░░░░░░░░░░░░  48%  Streaming frame 333/780
  ████████████░░░░░░░░░░░░░  49%  Streaming frame 334/780
  ████████████░░░░░░░░░░░░░  49%  Streaming frame 335/780
  ████████████░░░░░░░░░░░░░  49%  Streaming frame 336/780
  ████████████░░░░░░░░░░░░░  49%  Streaming frame 337/780
  ████████████░░░░░░░░░░░░░  49%  Streaming frame 338/780
  ████████████░░░░░░░░░░░░░  49%  Streaming frame 339/780
  ████████████░░░░░░░░░░░░░  49%  Streaming frame 340/780
  ████████████░░░░░░░░░░░░░  49%  Streaming frame 341/780
  ████████████░░░░░░░░░░░░░  49%  Streaming frame 342/780
  ████████████░░░░░░░░░░░░░  49%  Streaming frame 343/780
  ████████████░░░░░░░░░░░░░  49%  Streaming frame 344/780
  ████████████░░░░░░░░░░░░░  49%  Streaming frame 345/780
  ████████████░░░░░░░░░░░░░  49%  Streaming frame 346/780
  ████████████░░░░░░░░░░░░░  49%  Streaming frame 347/780
  ████████████░░░░░░░░░░░░░  50%  Streaming frame 348/780
  ████████████░░░░░░░░░░░░░  50%  Streaming frame 349/780
  ████████████░░░░░░░░░░░░░  50%  Streaming frame 350/780
  ████████████░░░░░░░░░░░░░  50%  Streaming frame 351/780
  ████████████░░░░░░░░░░░░░  50%  Streaming frame 352/780
  ████████████░░░░░░░░░░░░░  50%  Streaming frame 353/780
  ████████████░░░░░░░░░░░░░  50%  Streaming frame 354/780
  ████████████░░░░░░░░░░░░░  50%  Streaming frame 355/780
  ████████████░░░░░░░░░░░░░  50%  Streaming frame 356/780
  ████████████░░░░░░░░░░░░░  50%  Streaming frame 357/780
  ████████████░░░░░░░░░░░░░  50%  Streaming frame 358/780
  ████████████░░░░░░░░░░░░░  50%  Streaming frame 359/780
  ████████████░░░░░░░░░░░░░  50%  Streaming frame 360/780
  ████████████░░░░░░░░░░░░░  50%  Streaming frame 361/780
  ████████████░░░░░░░░░░░░░  51%  Streaming frame 362/780
  ████████████░░░░░░░░░░░░░  51%  Streaming frame 363/780
  ████████████░░░░░░░░░░░░░  51%  Streaming frame 364/780
  ████████████░░░░░░░░░░░░░  51%  Streaming frame 365/780
  ████████████░░░░░░░░░░░░░  51%  Streaming frame 366/780
  ████████████░░░░░░░░░░░░░  51%  Streaming frame 367/780
  ████████████░░░░░░░░░░░░░  51%  Streaming frame 368/780
  ████████████░░░░░░░░░░░░░  51%  Streaming frame 369/780
  ████████████░░░░░░░░░░░░░  51%  Streaming frame 370/780
  ████████████░░░░░░░░░░░░░  51%  Streaming frame 371/780
  ████████████░░░░░░░░░░░░░  51%  Streaming frame 372/780
  ████████████░░░░░░░░░░░░░  51%  Streaming frame 373/780
  ████████████░░░░░░░░░░░░░  51%  Streaming frame 374/780
  ████████████░░░░░░░░░░░░░  51%  Streaming frame 375/780
  █████████████░░░░░░░░░░░░  52%  Streaming frame 376/780
  █████████████░░░░░░░░░░░░  52%  Streaming frame 377/780
  █████████████░░░░░░░░░░░░  52%  Streaming frame 378/780
  █████████████░░░░░░░░░░░░  52%  Streaming frame 379/780
  █████████████░░░░░░░░░░░░  52%  Streaming frame 380/780
  █████████████░░░░░░░░░░░░  52%  Streaming frame 381/780
  █████████████░░░░░░░░░░░░  52%  Streaming frame 382/780
  █████████████░░░░░░░░░░░░  52%  Streaming frame 383/780
  █████████████░░░░░░░░░░░░  52%  Streaming frame 384/780
  █████████████░░░░░░░░░░░░  52%  Streaming frame 385/780
  █████████████░░░░░░░░░░░░  52%  Streaming frame 386/780
  █████████████░░░░░░░░░░░░  52%  Streaming frame 387/780
  █████████████░░░░░░░░░░░░  52%  Streaming frame 388/780
  █████████████░░░░░░░░░░░░  52%  Streaming frame 389/780
  █████████████░░░░░░░░░░░░  53%  Streaming frame 390/780
  █████████████░░░░░░░░░░░░  53%  Streaming frame 391/780
  █████████████░░░░░░░░░░░░  53%  Streaming frame 392/780
  █████████████░░░░░░░░░░░░  53%  Streaming frame 393/780
  █████████████░░░░░░░░░░░░  53%  Streaming frame 394/780
  █████████████░░░░░░░░░░░░  53%  Streaming frame 395/780
  █████████████░░░░░░░░░░░░  53%  Streaming frame 396/780
  █████████████░░░░░░░░░░░░  53%  Streaming frame 397/780
  █████████████░░░░░░░░░░░░  53%  Streaming frame 398/780
  █████████████░░░░░░░░░░░░  53%  Streaming frame 399/780
  █████████████░░░░░░░░░░░░  53%  Streaming frame 400/780
  █████████████░░░░░░░░░░░░  53%  Streaming frame 401/780
  █████████████░░░░░░░░░░░░  53%  Streaming frame 402/780
  █████████████░░░░░░░░░░░░  53%  Streaming frame 403/780
  █████████████░░░░░░░░░░░░  53%  Streaming frame 404/780
  █████████████░░░░░░░░░░░░  54%  Streaming frame 405/780
  █████████████░░░░░░░░░░░░  54%  Streaming frame 406/780
  █████████████░░░░░░░░░░░░  54%  Streaming frame 407/780
  █████████████░░░░░░░░░░░░  54%  Streaming frame 408/780
  █████████████░░░░░░░░░░░░  54%  Streaming frame 409/780
  █████████████░░░░░░░░░░░░  54%  Streaming frame 410/780
  █████████████░░░░░░░░░░░░  54%  Streaming frame 411/780
  █████████████░░░░░░░░░░░░  54%  Streaming frame 412/780
  █████████████░░░░░░░░░░░░  54%  Streaming frame 413/780
  █████████████░░░░░░░░░░░░  54%  Streaming frame 414/780
  █████████████░░░░░░░░░░░░  54%  Streaming frame 415/780
  █████████████░░░░░░░░░░░░  54%  Streaming frame 416/780
  █████████████░░░░░░░░░░░░  54%  Streaming frame 417/780
  █████████████░░░░░░░░░░░░  54%  Streaming frame 418/780
  █████████████░░░░░░░░░░░░  55%  Streaming frame 419/780
  █████████████░░░░░░░░░░░░  55%  Streaming frame 420/780
  █████████████░░░░░░░░░░░░  55%  Streaming frame 421/780
  █████████████░░░░░░░░░░░░  55%  Streaming frame 422/780
  █████████████░░░░░░░░░░░░  55%  Streaming frame 423/780
  █████████████░░░░░░░░░░░░  55%  Streaming frame 424/780
  █████████████░░░░░░░░░░░░  55%  Streaming frame 425/780
  █████████████░░░░░░░░░░░░  55%  Streaming frame 426/780
  █████████████░░░░░░░░░░░░  55%  Streaming frame 427/780
  █████████████░░░░░░░░░░░░  55%  Streaming frame 428/780
  █████████████░░░░░░░░░░░░  55%  Streaming frame 429/780
  █████████████░░░░░░░░░░░░  55%  Streaming frame 430/780
  █████████████░░░░░░░░░░░░  55%  Streaming frame 431/780
  █████████████░░░░░░░░░░░░  55%  Streaming frame 432/780
  ██████████████░░░░░░░░░░░  56%  Streaming frame 433/780
  ██████████████░░░░░░░░░░░  56%  Streaming frame 434/780
  ██████████████░░░░░░░░░░░  56%  Streaming frame 435/780
  ██████████████░░░░░░░░░░░  56%  Streaming frame 436/780
  ██████████████░░░░░░░░░░░  56%  Streaming frame 437/780
  ██████████████░░░░░░░░░░░  56%  Streaming frame 438/780
  ██████████████░░░░░░░░░░░  56%  Streaming frame 439/780
  ██████████████░░░░░░░░░░░  56%  Streaming frame 440/780
  ██████████████░░░░░░░░░░░  56%  Streaming frame 441/780
  ██████████████░░░░░░░░░░░  56%  Streaming frame 442/780
  ██████████████░░░░░░░░░░░  56%  Streaming frame 443/780
  ██████████████░░░░░░░░░░░  56%  Streaming frame 444/780
  ██████████████░░░░░░░░░░░  56%  Streaming frame 445/780
  ██████████████░░░░░░░░░░░  56%  Streaming frame 446/780
  ██████████████░░░░░░░░░░░  57%  Streaming frame 447/780
  ██████████████░░░░░░░░░░░  57%  Streaming frame 448/780
  ██████████████░░░░░░░░░░░  57%  Streaming frame 449/780
  ██████████████░░░░░░░░░░░  57%  Streaming frame 450/780
  ██████████████░░░░░░░░░░░  57%  Streaming frame 451/780
  ██████████████░░░░░░░░░░░  57%  Streaming frame 452/780
  ██████████████░░░░░░░░░░░  57%  Streaming frame 453/780
  ██████████████░░░░░░░░░░░  57%  Streaming frame 454/780
  ██████████████░░░░░░░░░░░  57%  Streaming frame 455/780
  ██████████████░░░░░░░░░░░  57%  Streaming frame 456/780
  ██████████████░░░░░░░░░░░  57%  Streaming frame 457/780
  ██████████████░░░░░░░░░░░  57%  Streaming frame 458/780
  ██████████████░░░░░░░░░░░  57%  Streaming frame 459/780
  ██████████████░░░░░░░░░░░  57%  Streaming frame 460/780
  ██████████████░░░░░░░░░░░  58%  Streaming frame 461/780
  ██████████████░░░░░░░░░░░  58%  Streaming frame 462/780
  ██████████████░░░░░░░░░░░  58%  Streaming frame 463/780
  ██████████████░░░░░░░░░░░  58%  Streaming frame 464/780
  ██████████████░░░░░░░░░░░  58%  Streaming frame 465/780
  ██████████████░░░░░░░░░░░  58%  Streaming frame 466/780
  ██████████████░░░░░░░░░░░  58%  Streaming frame 467/780
  ██████████████░░░░░░░░░░░  58%  Streaming frame 468/780
  ██████████████░░░░░░░░░░░  58%  Streaming frame 469/780
  ██████████████░░░░░░░░░░░  58%  Streaming frame 470/780
  ██████████████░░░░░░░░░░░  58%  Streaming frame 471/780
  ██████████████░░░░░░░░░░░  58%  Streaming frame 472/780
  ██████████████░░░░░░░░░░░  58%  Streaming frame 473/780
  ██████████████░░░░░░░░░░░  58%  Streaming frame 474/780
  ██████████████░░░░░░░░░░░  58%  Streaming frame 475/780
  ██████████████░░░░░░░░░░░  59%  Streaming frame 476/780
  ██████████████░░░░░░░░░░░  59%  Streaming frame 477/780
  ██████████████░░░░░░░░░░░  59%  Streaming frame 478/780
  ██████████████░░░░░░░░░░░  59%  Streaming frame 479/780
  ██████████████░░░░░░░░░░░  59%  Streaming frame 480/780
  ██████████████░░░░░░░░░░░  59%  Streaming frame 481/780
  ██████████████░░░░░░░░░░░  59%  Streaming frame 482/780
  ██████████████░░░░░░░░░░░  59%  Streaming frame 483/780
  ██████████████░░░░░░░░░░░  59%  Streaming frame 484/780
  ██████████████░░░░░░░░░░░  59%  Streaming frame 485/780
  ██████████████░░░░░░░░░░░  59%  Streaming frame 486/780
  ██████████████░░░░░░░░░░░  59%  Streaming frame 487/780
  ██████████████░░░░░░░░░░░  59%  Streaming frame 488/780
  ██████████████░░░░░░░░░░░  59%  Streaming frame 489/780
  ███████████████░░░░░░░░░░  60%  Streaming frame 490/780
  ███████████████░░░░░░░░░░  60%  Streaming frame 491/780
  ███████████████░░░░░░░░░░  60%  Streaming frame 492/780
  ███████████████░░░░░░░░░░  60%  Streaming frame 493/780
  ███████████████░░░░░░░░░░  60%  Streaming frame 494/780
  ███████████████░░░░░░░░░░  60%  Streaming frame 495/780
  ███████████████░░░░░░░░░░  60%  Streaming frame 496/780
  ███████████████░░░░░░░░░░  60%  Streaming frame 497/780
  ███████████████░░░░░░░░░░  60%  Streaming frame 498/780
  ███████████████░░░░░░░░░░  60%  Streaming frame 499/780
  ███████████████░░░░░░░░░░  60%  Streaming frame 500/780
  ███████████████░░░░░░░░░░  60%  Streaming frame 501/780
  ███████████████░░░░░░░░░░  60%  Streaming frame 502/780
  ███████████████░░░░░░░░░░  60%  Streaming frame 503/780
  ███████████████░░░░░░░░░░  61%  Streaming frame 504/780
  ███████████████░░░░░░░░░░  61%  Streaming frame 505/780
  ███████████████░░░░░░░░░░  61%  Streaming frame 506/780
  ███████████████░░░░░░░░░░  61%  Streaming frame 507/780
  ███████████████░░░░░░░░░░  61%  Streaming frame 508/780
  ███████████████░░░░░░░░░░  61%  Streaming frame 509/780
  ███████████████░░░░░░░░░░  61%  Streaming frame 510/780
  ███████████████░░░░░░░░░░  61%  Streaming frame 511/780
  ███████████████░░░░░░░░░░  61%  Streaming frame 512/780
  ███████████████░░░░░░░░░░  61%  Streaming frame 513/780
  ███████████████░░░░░░░░░░  61%  Streaming frame 514/780
  ███████████████░░░░░░░░░░  61%  Streaming frame 515/780
  ███████████████░░░░░░░░░░  61%  Streaming frame 516/780
  ███████████████░░░░░░░░░░  61%  Streaming frame 517/780
  ███████████████░░░░░░░░░░  62%  Streaming frame 518/780
  ███████████████░░░░░░░░░░  62%  Streaming frame 519/780
  ███████████████░░░░░░░░░░  62%  Streaming frame 520/780
  ███████████████░░░░░░░░░░  62%  Streaming frame 521/780
  ███████████████░░░░░░░░░░  62%  Streaming frame 522/780
  ███████████████░░░░░░░░░░  62%  Streaming frame 523/780
  ███████████████░░░░░░░░░░  62%  Streaming frame 524/780
  ███████████████░░░░░░░░░░  62%  Streaming frame 525/780
  ███████████████░░░░░░░░░░  62%  Streaming frame 526/780
  ███████████████░░░░░░░░░░  62%  Streaming frame 527/780
  ███████████████░░░░░░░░░░  62%  Streaming frame 528/780
  ███████████████░░░░░░░░░░  62%  Streaming frame 529/780
  ███████████████░░░░░░░░░░  62%  Streaming frame 530/780
  ███████████████░░░░░░░░░░  62%  Streaming frame 531/780
  ███████████████░░░░░░░░░░  63%  Streaming frame 532/780
  ███████████████░░░░░░░░░░  63%  Streaming frame 533/780
  ███████████████░░░░░░░░░░  63%  Streaming frame 534/780
  ███████████████░░░░░░░░░░  63%  Streaming frame 535/780
  ███████████████░░░░░░░░░░  63%  Streaming frame 536/780
  ███████████████░░░░░░░░░░  63%  Streaming frame 537/780
  ███████████████░░░░░░░░░░  63%  Streaming frame 538/780
  ███████████████░░░░░░░░░░  63%  Streaming frame 539/780
  ███████████████░░░░░░░░░░  63%  Streaming frame 540/780
  ███████████████░░░░░░░░░░  63%  Streaming frame 541/780
  ███████████████░░░░░░░░░░  63%  Streaming frame 542/780
  ███████████████░░░░░░░░░░  63%  Streaming frame 543/780
  ███████████████░░░░░░░░░░  63%  Streaming frame 544/780
  ███████████████░░░░░░░░░░  63%  Streaming frame 545/780
  ████████████████░░░░░░░░░  64%  Streaming frame 546/780
  ████████████████░░░░░░░░░  64%  Streaming frame 547/780
  ████████████████░░░░░░░░░  64%  Streaming frame 548/780
  ████████████████░░░░░░░░░  64%  Streaming frame 549/780
  ████████████████░░░░░░░░░  64%  Streaming frame 550/780
  ████████████████░░░░░░░░░  64%  Streaming frame 551/780
  ████████████████░░░░░░░░░  64%  Streaming frame 552/780
  ████████████████░░░░░░░░░  64%  Streaming frame 553/780
  ████████████████░░░░░░░░░  64%  Streaming frame 554/780
  ████████████████░░░░░░░░░  64%  Streaming frame 555/780
  ████████████████░░░░░░░░░  64%  Streaming frame 556/780
  ████████████████░░░░░░░░░  64%  Streaming frame 557/780
  ████████████████░░░░░░░░░  64%  Streaming frame 558/780
  ████████████████░░░░░░░░░  64%  Streaming frame 559/780
  ████████████████░░░░░░░░░  64%  Streaming frame 560/780
  ████████████████░░░░░░░░░  65%  Streaming frame 561/780
  ████████████████░░░░░░░░░  65%  Streaming frame 562/780
  ████████████████░░░░░░░░░  65%  Streaming frame 563/780
  ████████████████░░░░░░░░░  65%  Streaming frame 564/780
  ████████████████░░░░░░░░░  65%  Streaming frame 565/780
  ████████████████░░░░░░░░░  65%  Streaming frame 566/780
  ████████████████░░░░░░░░░  65%  Streaming frame 567/780
  ████████████████░░░░░░░░░  65%  Streaming frame 568/780
  ████████████████░░░░░░░░░  65%  Streaming frame 569/780
  ████████████████░░░░░░░░░  65%  Streaming frame 570/780
  ████████████████░░░░░░░░░  65%  Streaming frame 571/780
  ████████████████░░░░░░░░░  65%  Streaming frame 572/780
  ████████████████░░░░░░░░░  65%  Streaming frame 573/780
  ████████████████░░░░░░░░░  65%  Streaming frame 574/780
  ████████████████░░░░░░░░░  66%  Streaming frame 575/780
  ████████████████░░░░░░░░░  66%  Streaming frame 576/780
  ████████████████░░░░░░░░░  66%  Streaming frame 577/780
  ████████████████░░░░░░░░░  66%  Streaming frame 578/780
  ████████████████░░░░░░░░░  66%  Streaming frame 579/780
  ████████████████░░░░░░░░░  66%  Streaming frame 580/780
  ████████████████░░░░░░░░░  66%  Streaming frame 581/780
  ████████████████░░░░░░░░░  66%  Streaming frame 582/780
  ████████████████░░░░░░░░░  66%  Streaming frame 583/780
  ████████████████░░░░░░░░░  66%  Streaming frame 584/780
  ████████████████░░░░░░░░░  66%  Streaming frame 585/780
  ████████████████░░░░░░░░░  66%  Streaming frame 586/780
  ████████████████░░░░░░░░░  66%  Streaming frame 587/780
  ████████████████░░░░░░░░░  66%  Streaming frame 588/780
  ████████████████░░░░░░░░░  67%  Streaming frame 589/780
  ████████████████░░░░░░░░░  67%  Streaming frame 590/780
  ████████████████░░░░░░░░░  67%  Streaming frame 591/780
  ████████████████░░░░░░░░░  67%  Streaming frame 592/780
  ████████████████░░░░░░░░░  67%  Streaming frame 593/780
  ████████████████░░░░░░░░░  67%  Streaming frame 594/780
  ████████████████░░░░░░░░░  67%  Streaming frame 595/780
  ████████████████░░░░░░░░░  67%  Streaming frame 596/780
  ████████████████░░░░░░░░░  67%  Streaming frame 597/780
  ████████████████░░░░░░░░░  67%  Streaming frame 598/780
  ████████████████░░░░░░░░░  67%  Streaming frame 599/780
  ████████████████░░░░░░░░░  67%  Streaming frame 600/780
  ████████████████░░░░░░░░░  67%  Streaming frame 601/780
  ████████████████░░░░░░░░░  67%  Streaming frame 602/780
  █████████████████░░░░░░░░  68%  Streaming frame 603/780
  █████████████████░░░░░░░░  68%  Streaming frame 604/780
  █████████████████░░░░░░░░  68%  Streaming frame 605/780
  █████████████████░░░░░░░░  68%  Streaming frame 606/780
  █████████████████░░░░░░░░  68%  Streaming frame 607/780
  █████████████████░░░░░░░░  68%  Streaming frame 608/780
  █████████████████░░░░░░░░  68%  Streaming frame 609/780
  █████████████████░░░░░░░░  68%  Streaming frame 610/780
  █████████████████░░░░░░░░  68%  Streaming frame 611/780
  █████████████████░░░░░░░░  68%  Streaming frame 612/780
  █████████████████░░░░░░░░  68%  Streaming frame 613/780
  █████████████████░░░░░░░░  68%  Streaming frame 614/780
  █████████████████░░░░░░░░  68%  Streaming frame 615/780
  █████████████████░░░░░░░░  68%  Streaming frame 616/780
  █████████████████░░░░░░░░  69%  Streaming frame 617/780
  █████████████████░░░░░░░░  69%  Streaming frame 618/780
  █████████████████░░░░░░░░  69%  Streaming frame 619/780
  █████████████████░░░░░░░░  69%  Streaming frame 620/780
  █████████████████░░░░░░░░  69%  Streaming frame 621/780
  █████████████████░░░░░░░░  69%  Streaming frame 622/780
  █████████████████░░░░░░░░  69%  Streaming frame 623/780
  █████████████████░░░░░░░░  69%  Streaming frame 624/780
  █████████████████░░░░░░░░  69%  Streaming frame 625/780
  █████████████████░░░░░░░░  69%  Streaming frame 626/780
  █████████████████░░░░░░░░  69%  Streaming frame 627/780
  █████████████████░░░░░░░░  69%  Streaming frame 628/780
  █████████████████░░░░░░░░  69%  Streaming frame 629/780
  █████████████████░░░░░░░░  69%  Streaming frame 630/780
  █████████████████░░░░░░░░  69%  Streaming frame 631/780
  █████████████████░░░░░░░░  70%  Streaming frame 632/780
  █████████████████░░░░░░░░  70%  Streaming frame 633/780
  █████████████████░░░░░░░░  70%  Streaming frame 634/780
  █████████████████░░░░░░░░  70%  Streaming frame 635/780
  █████████████████░░░░░░░░  70%  Streaming frame 636/780
  █████████████████░░░░░░░░  70%  Streaming frame 637/780
  █████████████████░░░░░░░░  70%  Streaming frame 638/780
  █████████████████░░░░░░░░  70%  Streaming frame 639/780
  █████████████████░░░░░░░░  70%  Streaming frame 640/780
  █████████████████░░░░░░░░  70%  Streaming frame 641/780
  █████████████████░░░░░░░░  70%  Streaming frame 642/780
  █████████████████░░░░░░░░  70%  Streaming frame 643/780
  █████████████████░░░░░░░░  70%  Streaming frame 644/780
  █████████████████░░░░░░░░  70%  Streaming frame 645/780
  █████████████████░░░░░░░░  71%  Streaming frame 646/780
  █████████████████░░░░░░░░  71%  Streaming frame 647/780
  █████████████████░░░░░░░░  71%  Streaming frame 648/780
  █████████████████░░░░░░░░  71%  Streaming frame 649/780
  █████████████████░░░░░░░░  71%  Streaming frame 650/780
  █████████████████░░░░░░░░  71%  Streaming frame 651/780
  █████████████████░░░░░░░░  71%  Streaming frame 652/780
  █████████████████░░░░░░░░  71%  Streaming frame 653/780
  █████████████████░░░░░░░░  71%  Streaming frame 654/780
  █████████████████░░░░░░░░  71%  Streaming frame 655/780
  █████████████████░░░░░░░░  71%  Streaming frame 656/780
  █████████████████░░░░░░░░  71%  Streaming frame 657/780
  █████████████████░░░░░░░░  71%  Streaming frame 658/780
  █████████████████░░░░░░░░  71%  Streaming frame 659/780
  ██████████████████░░░░░░░  72%  Streaming frame 660/780
  ██████████████████░░░░░░░  72%  Streaming frame 661/780
  ██████████████████░░░░░░░  72%  Streaming frame 662/780
  ██████████████████░░░░░░░  72%  Streaming frame 663/780
  ██████████████████░░░░░░░  72%  Streaming frame 664/780
  ██████████████████░░░░░░░  72%  Streaming frame 665/780
  ██████████████████░░░░░░░  72%  Streaming frame 666/780
  ██████████████████░░░░░░░  72%  Streaming frame 667/780
  ██████████████████░░░░░░░  72%  Streaming frame 668/780
  ██████████████████░░░░░░░  72%  Streaming frame 669/780
  ██████████████████░░░░░░░  72%  Streaming frame 670/780
  ██████████████████░░░░░░░  72%  Streaming frame 671/780
  ██████████████████░░░░░░░  72%  Streaming frame 672/780
  ██████████████████░░░░░░░  72%  Streaming frame 673/780
  ██████████████████░░░░░░░  73%  Streaming frame 674/780
  ██████████████████░░░░░░░  73%  Streaming frame 675/780
  ██████████████████░░░░░░░  73%  Streaming frame 676/780
  ██████████████████░░░░░░░  73%  Streaming frame 677/780
  ██████████████████░░░░░░░  73%  Streaming frame 678/780
  ██████████████████░░░░░░░  73%  Streaming frame 679/780
  ██████████████████░░░░░░░  73%  Streaming frame 680/780
  ██████████████████░░░░░░░  73%  Streaming frame 681/780
  ██████████████████░░░░░░░  73%  Streaming frame 682/780
  ██████████████████░░░░░░░  73%  Streaming frame 683/780
  ██████████████████░░░░░░░  73%  Streaming frame 684/780
  ██████████████████░░░░░░░  73%  Streaming frame 685/780
  ██████████████████░░░░░░░  73%  Streaming frame 686/780
  ██████████████████░░░░░░░  73%  Streaming frame 687/780
  ██████████████████░░░░░░░  74%  Streaming frame 688/780
  ██████████████████░░░░░░░  74%  Streaming frame 689/780
  ██████████████████░░░░░░░  74%  Streaming frame 690/780
  ██████████████████░░░░░░░  74%  Streaming frame 691/780
  ██████████████████░░░░░░░  74%  Streaming frame 692/780
  ██████████████████░░░░░░░  74%  Streaming frame 693/780
  ██████████████████░░░░░░░  74%  Streaming frame 694/780
  ██████████████████░░░░░░░  74%  Streaming frame 695/780
  ██████████████████░░░░░░░  74%  Streaming frame 696/780
  ██████████████████░░░░░░░  74%  Streaming frame 697/780
  ██████████████████░░░░░░░  74%  Streaming frame 698/780
  ██████████████████░░░░░░░  74%  Streaming frame 699/780
  ██████████████████░░░░░░░  74%  Streaming frame 700/780
  ██████████████████░░░░░░░  74%  Streaming frame 701/780
  ██████████████████░░░░░░░  75%  Streaming frame 702/780
  ██████████████████░░░░░░░  75%  Streaming frame 703/780
  ██████████████████░░░░░░░  75%  Streaming frame 704/780
  ██████████████████░░░░░░░  75%  Streaming frame 705/780
  ██████████████████░░░░░░░  75%  Streaming frame 706/780
  ██████████████████░░░░░░░  75%  Streaming frame 707/780
  ██████████████████░░░░░░░  75%  Streaming frame 708/780
  ██████████████████░░░░░░░  75%  Streaming frame 709/780
  ██████████████████░░░░░░░  75%  Streaming frame 710/780
  ██████████████████░░░░░░░  75%  Streaming frame 711/780
  ██████████████████░░░░░░░  75%  Streaming frame 712/780
  ██████████████████░░░░░░░  75%  Streaming frame 713/780
  ██████████████████░░░░░░░  75%  Streaming frame 714/780
  ██████████████████░░░░░░░  75%  Streaming frame 715/780
  ██████████████████░░░░░░░  75%  Streaming frame 716/780
  ███████████████████░░░░░░  76%  Streaming frame 717/780
  ███████████████████░░░░░░  76%  Streaming frame 718/780
  ███████████████████░░░░░░  76%  Streaming frame 719/780
  ███████████████████░░░░░░  76%  Streaming frame 720/780
  ███████████████████░░░░░░  76%  Streaming frame 721/780
  ███████████████████░░░░░░  76%  Streaming frame 722/780
  ███████████████████░░░░░░  76%  Streaming frame 723/780
  ███████████████████░░░░░░  76%  Streaming frame 724/780
  ███████████████████░░░░░░  76%  Streaming frame 725/780
  ███████████████████░░░░░░  76%  Streaming frame 726/780
  ███████████████████░░░░░░  76%  Streaming frame 727/780
  ███████████████████░░░░░░  76%  Streaming frame 728/780
  ███████████████████░░░░░░  76%  Streaming frame 729/780
  ███████████████████░░░░░░  76%  Streaming frame 730/780
  ███████████████████░░░░░░  77%  Streaming frame 731/780
  ███████████████████░░░░░░  77%  Streaming frame 732/780
  ███████████████████░░░░░░  77%  Streaming frame 733/780
  ███████████████████░░░░░░  77%  Streaming frame 734/780
  ███████████████████░░░░░░  77%  Streaming frame 735/780
  ███████████████████░░░░░░  77%  Streaming frame 736/780
  ███████████████████░░░░░░  77%  Streaming frame 737/780
  ███████████████████░░░░░░  77%  Streaming frame 738/780
  ███████████████████░░░░░░  77%  Streaming frame 739/780
  ███████████████████░░░░░░  77%  Streaming frame 740/780
  ███████████████████░░░░░░  77%  Streaming frame 741/780
  ███████████████████░░░░░░  77%  Streaming frame 742/780
  ███████████████████░░░░░░  77%  Streaming frame 743/780
  ███████████████████░░░░░░  77%  Streaming frame 744/780
  ███████████████████░░░░░░  78%  Streaming frame 745/780
  ███████████████████░░░░░░  78%  Streaming frame 746/780
  ███████████████████░░░░░░  78%  Streaming frame 747/780
  ███████████████████░░░░░░  78%  Streaming frame 748/780
  ███████████████████░░░░░░  78%  Streaming frame 749/780
  ███████████████████░░░░░░  78%  Streaming frame 750/780
  ███████████████████░░░░░░  78%  Streaming frame 751/780
  ███████████████████░░░░░░  78%  Streaming frame 752/780
  ███████████████████░░░░░░  78%  Streaming frame 753/780
  ███████████████████░░░░░░  78%  Streaming frame 754/780
  ███████████████████░░░░░░  78%  Streaming frame 755/780
  ███████████████████░░░░░░  78%  Streaming frame 756/780
  ███████████████████░░░░░░  78%  Streaming frame 757/780
  ███████████████████░░░░░░  78%  Streaming frame 758/780
  ███████████████████░░░░░░  79%  Streaming frame 759/780
  ███████████████████░░░░░░  79%  Streaming frame 760/780
  ███████████████████░░░░░░  79%  Streaming frame 761/780
  ███████████████████░░░░░░  79%  Streaming frame 762/780
  ███████████████████░░░░░░  79%  Streaming frame 763/780
  ███████████████████░░░░░░  79%  Streaming frame 764/780
  ███████████████████░░░░░░  79%  Streaming frame 765/780
  ███████████████████░░░░░░  79%  Streaming frame 766/780
  ███████████████████░░░░░░  79%  Streaming frame 767/780
  ███████████████████░░░░░░  79%  Streaming frame 768/780
  ███████████████████░░░░░░  79%  Streaming frame 769/780
  ███████████████████░░░░░░  79%  Streaming frame 770/780
  ███████████████████░░░░░░  79%  Streaming frame 771/780
  ███████████████████░░░░░░  79%  Streaming frame 772/780
  ████████████████████░░░░░  80%  Streaming frame 773/780
  ████████████████████░░░░░  80%  Streaming frame 774/780
  ████████████████████░░░░░  80%  Streaming frame 775/780
  ████████████████████░░░░░  80%  Streaming frame 776/780
  ████████████████████░░░░░  80%  Streaming frame 777/780
  ████████████████████░░░░░  80%  Streaming frame 778/780
  ████████████████████░░░░░  80%  Streaming frame 779/780
  ████████████████████░░░░░  80%  Streaming frame 780/780
  ██████████████████████░░░  90%  Assembling final video
  █████████████████████████  100%  Render complete

◇  /output/output.mp4
   2.4 MB · 26.0s video · rendered in 1m 37.2s

◇  /Users/venkatavarshithreddymettukuru/Downloads/motion-video-generator/runs/41083e755fe13009/renders/output.mp4
   2.4 MB · rendered in 1m 51.2s


=== STDERR ===

  Hyperframes collects anonymous usage data to improve the tool.
  File paths and composition content are never collected.
  If you sign in to HeyGen, your account (email, or username) is linked to your usage.

  Disable anytime: hyperframes telemetry disable

[INFO] [Render] Pipeline started {"renderJobId":"1eeba97f-a825-4d19-962a-2517e1722673","platform":"linux","arch":"arm64","nodeVersion":"v22.23.2","fps":{"num":30,"den":1},"format":"mp4","quality":"standard","browserGpuMode":"software","forceScreenshot":true,"protocolTimeout":300000,"browserTimeout":120000,"pageNavigationTimeout":60000,"playerReadyTimeout":45000}
[INFO] [Render:trace] {"renderJobId":"1eeba97f-a825-4d19-962a-2517e1722673","phase":"pipeline","status":"checkpoint","elapsedMs":2,"message":"started","format":"mp4","quality":"standard","browserGpuMode":"software","forceScreenshot":true,"protocolTimeoutMs":300000,"pageNavigationTimeoutMs":60000,"playerReadyTimeoutMs":45000,"requestedWorkers":"auto"}
[INFO] [Render:trace] {"renderJobId":"1eeba97f-a825-4d19-962a-2517e1722673","phase":"compile","status":"start","elapsedMs":3,"needsAlpha":false}
[INFO] Compiled composition metadata {"renderJobId":"1eeba97f-a825-4d19-962a-2517e1722673","entryFile":"index.html","staticDuration":26,"width":1920,"height":1080,"videoCount":0,"audioCount":0,"renderModeHints":{"recommendScreenshot":false,"reasons":[]}}
[INFO] [Render:trace] {"renderJobId":"1eeba97f-a825-4d19-962a-2517e1722673","phase":"compile","status":"end","elapsedMs":541,"durationMs":538,"needsAlpha":false}
[INFO] [Render:trace] {"renderJobId":"1eeba97f-a825-4d19-962a-2517e1722673","phase":"compile","status":"checkpoint","elapsedMs":542,"message":"composition metadata resolved","width":1920,"height":1080,"videoCount":0,"audioCount":0,"imageCount":2,"deviceScaleFactor":1,"forceScreenshot":true,"compositionHash":"95ada3daa26d61ea"}
[INFO] [Render] Low-memory render profile active — screenshot capture, auto-worker calibration skipped, pinned to 1 worker. Override with --no-low-memory-mode or PRODUCER_LOW_MEMORY_MODE=false. {"renderJobId":"1eeba97f-a825-4d19-962a-2517e1722673","totalMemMb":3918,"thresholdMb":8192}
[INFO] [Render:trace] {"renderJobId":"1eeba97f-a825-4d19-962a-2517e1722673","phase":"browser_probe","status":"start","elapsedMs":542,"forceScreenshot":true,"stagePhase":"calibrating"}
[INFO] [Render:trace] {"renderJobId":"1eeba97f-a825-4d19-962a-2517e1722673","phase":"browser_probe","status":"end","elapsedMs":586,"durationMs":44,"forceScreenshot":true,"stagePhase":"calibrating"}
[INFO] [Render:trace] {"renderJobId":"1eeba97f-a825-4d19-962a-2517e1722673","phase":"browser_probe","status":"checkpoint","elapsedMs":587,"message":"duration resolved","durationSeconds":26,"totalFrames":780,"compositionHash":"95ada3daa26d61ea","beginFrameStalled":false}
[INFO] [Render:trace] {"renderJobId":"1eeba97f-a825-4d19-962a-2517e1722673","phase":"video_extract","status":"start","elapsedMs":587,"videoCount":0}
[INFO] [Render:trace] {"renderJobId":"1eeba97f-a825-4d19-962a-2517e1722673","phase":"video_extract","status":"end","elapsedMs":601,"durationMs":13,"videoCount":0}
[INFO] [Render:trace] {"renderJobId":"1eeba97f-a825-4d19-962a-2517e1722673","phase":"video_extract","status":"checkpoint","elapsedMs":602,"message":"frames resolved","videoCount":0,"extractedVideoCount":0,"totalFramesExtracted":0,"maxFramesPerVideo":0,"avgFramesPerExtractedVideo":null,"vfrPreflightCount":null,"vfrPreflightMs":null,"cacheHits":null,"cacheMisses":null,"transientRetries":null,"minVideoFrameCoverageRatio":null,"authoredTimedClipCount":6}
[INFO] [Render] No HDR sources detected — rendering SDR {"renderJobId":"1eeba97f-a825-4d19-962a-2517e1722673"}
[INFO] [Render:trace] {"renderJobId":"1eeba97f-a825-4d19-962a-2517e1722673","phase":"hdr_detection","status":"checkpoint","elapsedMs":602,"message":"resolved","requestedHdrMode":"auto","effectiveHdr":"sdr","nativeHdrVideoCount":0,"nativeHdrImageCount":0}
[INFO] [Render:trace] {"renderJobId":"1eeba97f-a825-4d19-962a-2517e1722673","phase":"audio_process","status":"start","elapsedMs":602,"audioCount":0}
[INFO] [Render:trace] {"renderJobId":"1eeba97f-a825-4d19-962a-2517e1722673","phase":"audio_process","status":"end","elapsedMs":602,"durationMs":0,"audioCount":0}
[INFO] [Render:trace] {"renderJobId":"1eeba97f-a825-4d19-962a-2517e1722673","phase":"file_server","status":"start","elapsedMs":602,"reused":false}
[INFO] [Render:trace] {"renderJobId":"1eeba97f-a825-4d19-962a-2517e1722673","phase":"file_server","status":"end","elapsedMs":610,"durationMs":7}
[INFO] [Render:trace] {"renderJobId":"1eeba97f-a825-4d19-962a-2517e1722673","phase":"capture_calibration","status":"checkpoint","elapsedMs":611,"message":"skipped","requestedWorkers":"auto","totalFrames":780,"htmlInCanvasDetected":false,"lowMemoryMode":true,"deInversionEligible":false,"deParallelRouterEligible":false}
[INFO] [Render] Low-memory profile — pinning to 1 capture worker (auto-worker calibration skipped). {"renderJobId":"1eeba97f-a825-4d19-962a-2517e1722673"}
[INFO] [Render:trace] {"renderJobId":"1eeba97f-a825-4d19-962a-2517e1722673","phase":"worker_resolution","status":"checkpoint","elapsedMs":611,"message":"resolved","workerCount":1}
[INFO] streaming-encode gate {"renderJobId":"1eeba97f-a825-4d19-962a-2517e1722673","enabled":true,"configFlag":true,"outputFormat":"mp4","workerCount":1,"durationSeconds":26,"maxDurationSeconds":240}
[INFO] [Render:trace] {"renderJobId":"1eeba97f-a825-4d19-962a-2517e1722673","phase":"capture_strategy","status":"checkpoint","elapsedMs":611,"message":"resolved","workerCount":1,"forceScreenshot":true,"captureBeyondViewport":null,"useStreamingEncode":true,"useLayeredComposite":false,"usePageSideCompositing":false,"hasHdrContent":false,"hasShaderTransitions":false,"isPngSequence":false}
[INFO] [Render:trace] {"renderJobId":"1eeba97f-a825-4d19-962a-2517e1722673","phase":"capture_streaming","status":"start","elapsedMs":611,"stagePhase":"capturing","workerCount":1,"forceScreenshot":true,"totalFrames":780,"framesCompleted":0,"captureMode":"screenshot","captureOperation":"captureScreenshot"}
[INFO] [Render:trace] {"renderJobId":"1eeba97f-a825-4d19-962a-2517e1722673","phase":"capture_streaming","status":"checkpoint","elapsedMs":30619,"message":"stage still running","stagePhase":"capturing","workerCount":1,"forceScreenshot":true,"totalFrames":780,"framesCompleted":0,"captureMode":"screenshot","captureOperation":"captureScreenshot","heartbeatIndex":1,"stageElapsedMs":30008}
[FrameCapture] Sub-composition timelines not registered after 45000ms: scene_1, scene_2, scene_3, scene_4, scene_5, scene_6. Compositions that load data asynchronously (e.g. fetch) must register window.__timelines[id] after setup completes. Compositions intentionally driven without GSAP timelines (CSS animations / rAF) can mark the host with data-no-timeline to skip this wait.
[FrameCapture:sub_timeline_readiness_timeout] Sub-composition timelines did not become ready within 45000ms { timeoutMs: 45000, sources: [] }
[INFO] [Render:trace] {"renderJobId":"1eeba97f-a825-4d19-962a-2517e1722673","phase":"capture_streaming","status":"checkpoint","elapsedMs":60624,"message":"stage still running","stagePhase":"capturing","workerCount":1,"forceScreenshot":true,"totalFrames":780,"framesCompleted":107,"captureMode":"screenshot","captureOperation":"captureScreenshot","heartbeatIndex":2,"stageElapsedMs":60013}
[INFO] [Render:trace] {"renderJobId":"1eeba97f-a825-4d19-962a-2517e1722673","phase":"capture_streaming","status":"end","elapsedMs":97015,"durationMs":96404,"stagePhase":"capturing","workerCount":1,"forceScreenshot":true,"totalFrames":780,"framesCompleted":780,"captureMode":"screenshot","captureOperation":"encode"}
[WARN] Render completed capture with correctness warnings {"renderJobId":"1eeba97f-a825-4d19-962a-2517e1722673","strictness":"best-effort","warningCodes":["sub_timeline_readiness_timeout"],"warningReasons":[],"warningStages":[],"warningOwners":[]}
[INFO] [Render:trace] {"renderJobId":"1eeba97f-a825-4d19-962a-2517e1722673","phase":"assemble","status":"start","elapsedMs":97016,"stagePhase":"capturing","hasAudio":false,"workerCount":1,"forceScreenshot":true,"totalFrames":780,"framesCompleted":780,"captureMode":"screenshot","captureOperation":"encode"}
[INFO] [Render:trace] {"renderJobId":"1eeba97f-a825-4d19-962a-2517e1722673","phase":"assemble","status":"end","elapsedMs":97150,"durationMs":134,"stagePhase":"capturing","hasAudio":false,"workerCount":1,"forceScreenshot":true,"totalFrames":780,"framesCompleted":780,"captureMode":"screenshot","captureOperation":"encode"}
[INFO] [Render:trace] {"renderJobId":"1eeba97f-a825-4d19-962a-2517e1722673","phase":"pipeline","status":"checkpoint","elapsedMs":97237,"message":"artifact validated","totalElapsedMs":97235}
  [sub_timeline_readiness_timeout] Sub-composition timelines did not become ready within 45000ms
